2026-01-04 21:19:12,014 masks.py INFO - function get_mask_card_number is started
2026-01-04 21:19:12,015 masks.py INFO - data successfully received and reformated
2026-01-04 21:19:12,015 masks.py INFO - card number successfully masked
2026-01-04 21:19:12,015 masks.py INFO - function get_mask_card_number is started
2026-01-04 21:19:12,015 masks.py INFO - data successfully received and reformated
2026-01-04 21:19:12,015 masks.py INFO - card number successfully masked
2026-01-04 21:19:12,015 masks.py INFO - function get_mask_card_number is started
2026-01-04 21:19:12,016 masks.py INFO - data successfully received and reformated
2026-01-04 21:19:12,016 masks.py INFO - card number successfully masked
2026-01-04 21:19:12,016 masks.py INFO - function get_mask_account is started
2026-01-04 21:19:12,016 masks.py INFO - data successfully received and reformated
2026-01-04 21:19:12,016 masks.py INFO - account successfully masked
2026-01-04 21:19:12,016 masks.py INFO - function get_mask_account is started
2026-01-04 21:19:12,017 masks.py INFO - data successfully received and reformated
2026-01-04 21:19:12,017 masks.py INFO - account successfully masked
2026-01-04 21:19:12,017 masks.py INFO - function get_mask_card_number is started
2026-01-04 21:19:12,017 masks.py INFO - data successfully received and reformated
2026-01-04 21:19:12,017 masks.py INFO - card number successfully masked
2026-01-04 21:19:12,018 masks.py INFO - function get_mask_account is started
2026-01-04 21:19:12,018 masks.py INFO - data successfully received and reformated
2026-01-04 21:19:12,018 masks.py INFO - account successfully masked
2026-01-04 21:19:12,018 masks.py INFO - function get_mask_card_number is started
2026-01-04 21:19:12,018 masks.py INFO - data successfully received and reformated
2026-01-04 21:19:12,019 masks.py INFO - card number successfully masked
